---
source: src/components/home.rs
expression: terminal.backend()
---
"╭─Search (ctrl Press ? or F1 for help ─╮"
"│                                      │"
"╰──────────────────────────────────────╯"
"╭─Services (1 hidden)────────╮╭─Details╮"
"│cron                        ││Descript│"
"│docker                      ││Active: │"
"│nginx                       ││Enableme│"
"│bad-config                  ││Unit fil│"
"│backup.timer                │╰────────╯"
"│ssh                         │╭─Service╮"
"│                            ││        │"
"│                            ││        │"
"│                            ││        │"
"╰────────────────────────────╯╰────────╯"
"Show actions: <enter>             v0.6.1"
