---
source: src/components/home.rs
expression: terminal.backend()
---
"╭─Search (ctrl+f or /)──────────────────────────────────────────────────────────────────────── Press ? or F1 for help ─╮"
"│ssh                                                                                                                   │"
"╰──────────────────────────────────────────────────────────────────────────────────────────────────────────────────────╯"
"╭─Services (1 hidden)────────╮╭─Details────────────────────────────────────────────────────────────────────────────────╮"
"│ssh                         ││Description: ssh.service description [?]                                                │"
"│                            ││     Active: active (running)                                                           │"
"│                            ││ Enablement: enabled · global                                                           │"
"│                            ││  Unit file: /etc/systemd/system/ssh.service                                            │"
"│                            │╰────────────────────────────────────────────────────────────────────────────────────────╯"
"│                            │╭─Service Logs [newest first; ctrl+r to reverse]─────────────────────────────────────────╮"
"│                            ││                                                                                        │"
"│                            ││                                                                                        │"
"│                            ││                                                                                        │"
"│                            ││                                                                                        │"
"│                            ││                                                                                        │"
"│                            ││                                                                                        │"
"│                            ││                                                                                        │"
"│                            ││                                                                                        │"
"│                            ││                                                                                        │"
"│                            ││                                                                                        │"
"│                            ││                                                                                        │"
"│                            ││                                                                                        │"
"│                            ││                                                                                        │"
"│                            ││                                                                                        │"
"│                            ││                                                                                        │"
"│                            ││                                                                                        │"
"│                            ││                                                                                        │"
"│                            ││                                                                                        │"
"│                            ││                                                                                        │"
"│                            ││                                                                                        │"
"│                            ││                                                                                        │"
"│                            ││                                                                                        │"
"│                            ││                                                                                        │"
"│                            ││                                                                                        │"
"│                            ││                                                                                        │"
"│                            ││                                                                                        │"
"│                            ││                                                                                        │"
"│                            ││                                                                                        │"
"╰────────────────────────────╯╰────────────────────────────────────────────────────────────────────────────────────────╯"
"Show actions: <enter>                                                                                             v0.6.1"
