---
source: src/components/home.rs
expression: terminal.backend()
---
"╭─Search (ctrl+f or /)──────────────────────────────────────────────────────────────────────── Press ? or F1 for help ─╮"
"│                                                                                                                      │"
"╰──────────────────────────────────────────────────────────────────────────────────────────────────────────────────────╯"
"╭─Services (1 hidden)────────╮╭─Details────────────────────────────────────────────────────────────────────────────────╮"
"│cron                        ││Description: cron.service description [?]                                               │"
"│docker                      ││     Active: active (running)                                                           │"
"│nginx                       ││ Enablement: enabled · global                                                           │"
"│bad-config                  ││  Unit file: /etc/systemd/system/cron.service                                           │"
"│backup.timer                │╰────────────────────────────────────────────────────────────────────────────────────────╯"
"│ssh                         │╭─Service Logs [newest first; ctrl+r to reverse]─────────────────────────────────────────╮"
"│                            ││                                                                                        │"
"│                            ││                                                                                        │"
"│                            ││                                                                                        │"
"│                            ││                                                                                        │"
"│                            ││                                                                                        │"
"│                            ││                                                                                        │"
"│                            ││                                                                                        │"
"│                            ││                                                                                        │"
"│                            ││                                                                                        │"
"│                            ││                                                                                        │"
"│                            ││                                                                                        │"
"│                            ││                                                                                        │"
"│                            ││                                                                                        │"
"│                            ││                                                                                        │"
"│                            ││                                                                                        │"
"│                            ││                                                                                        │"
"│                            ││                                                                                        │"
"│                            ││                                                                                        │"
"│                            ││                                                                                        │"
"│                            ││                                                                                        │"
"│                            ││                                                                                        │"
"│                            ││                                                                                        │"
"│                            ││                                                                                        │"
"│                            ││                                                                                        │"
"│                            ││                                                                                        │"
"│                            ││                                                                                        │"
"│                            ││                                                                                        │"
"│                            ││                                                                                        │"
"╰────────────────────────────╯╰────────────────────────────────────────────────────────────────────────────────────────╯"
"Show actions: <enter>                                                                                             v0.6.1"
