---
source: src/components/home.rs
expression: terminal.backend()
---
"╭─Search (ctrl Press ? or F1 for help ─╮"
"│                                      │"
"╰──────────────────────────────────────╯"
"╭─Units (1 hidden)───────────╮╭─Details╮"
"│cron                        ││Descript│"
"│docker                      ││Active: │"
"│nginx                       ││Enableme│"
"│bad-config                  ││Unit fil│"
"│[T] backup                  │╰────────╯"
"│ssh                         │╭─Logs — ╮"
"│                            ││        │"
"│                            ││        │"
"│                            ││        │"
"╰────────────────────────────╯╰────────╯"
"Actions: enter | Filter: F2 | Naviv0.7.0"
